// Jest Snapshot v1, https://goo.gl/fbAQLP

exports[`Cashingames dashboard renders dashboard successfully 1`] = `<Dashboard />`;
